#-----------------------------------------------------------
# Vivado v2018.3 (64-bit)
# SW Build 2405991 on Thu Dec  6 23:38:27 MST 2018
# IP Build 2404404 on Fri Dec  7 01:43:56 MST 2018
# Start of session at: Mon Jul 18 15:30:47 2022
# Process ID: 8972
# Current directory: C:/Users/abdk_/Desktop/Elektronik/Yongatek_Staj/slemciTasarimi/yonga02
# Command line: vivado.exe -gui_launcher_event rodinguilauncherevent5288 C:\Users\abdk_\Desktop\Elektronik\Yongatek_Staj\slemciTasarimi\yonga02\yonga02.xpr
# Log file: C:/Users/abdk_/Desktop/Elektronik/Yongatek_Staj/slemciTasarimi/yonga02/vivado.log
# Journal file: C:/Users/abdk_/Desktop/Elektronik/Yongatek_Staj/slemciTasarimi/yonga02\vivado.jou
#-----------------------------------------------------------
start_gui
open_project C:/Users/abdk_/Desktop/Elektronik/Yongatek_Staj/slemciTasarimi/yonga02/yonga02.xpr
update_compile_order -fileset sources_1
launch_simulation
open_wave_config C:/Users/abdk_/Desktop/Elektronik/Yongatek_Staj/slemciTasarimi/yonga02/tb_behav.wcfg
source tb.tcl
relaunch_sim
relaunch_sim
current_wave_config {tb_behav.wcfg}
add_wave {{/tb/dut/write_ctrl_}} 
relaunch_sim
current_wave_config {tb_behav.wcfg}
add_wave {{/tb/dut/reg1/write_ctrl}} 
relaunch_sim
relaunch_sim
run 200 ns
run 200 ns
run 200 ns
run 200 ns
relaunch_sim
relaunch_sim
run 200 ns
run 200 ns
run 200 ns
current_wave_config {tb_behav.wcfg}
add_wave {{/tb/dut/aludef/write_ctrl}} 
relaunch_sim
run 200 ns
run 200 ns
relaunch_sim
run 200 ns
run 200 ns
relaunch_sim
run 200 ns
run 200 ns
relaunch_sim
run 200 ns
run 200 ns
save_wave_config {C:/Users/abdk_/Desktop/Elektronik/Yongatek_Staj/slemciTasarimi/yonga02/tb_behav.wcfg}
restart
run 100 ns
run 100 ns
run 100 ns
run 100 ns
run 100 ns
run 100 ns
run 100 ns
run 100 ns
run 100 ns
run 100 ns
run 100 ns
run 100 ns
close [ open C:/Users/abdk_/Desktop/Elektronik/Yongatek_Staj/slemciTasarimi/yonga02/yonga02.srcs/sources_1/new/uart_rx.v w ]
add_files C:/Users/abdk_/Desktop/Elektronik/Yongatek_Staj/slemciTasarimi/yonga02/yonga02.srcs/sources_1/new/uart_rx.v
close [ open C:/Users/abdk_/Desktop/Elektronik/Yongatek_Staj/slemciTasarimi/yonga02/yonga02.srcs/sources_1/new/uart_tx.sv w ]
add_files C:/Users/abdk_/Desktop/Elektronik/Yongatek_Staj/slemciTasarimi/yonga02/yonga02.srcs/sources_1/new/uart_tx.sv
update_compile_order -fileset sources_1
set_property file_type SystemVerilog [get_files  C:/Users/abdk_/Desktop/Elektronik/Yongatek_Staj/slemciTasarimi/yonga02/yonga02.srcs/sources_1/new/uart_rx.v]
close [ open C:/Users/abdk_/Desktop/Elektronik/Yongatek_Staj/slemciTasarimi/yonga02/yonga02.srcs/sources_1/new/decoder.sv w ]
add_files C:/Users/abdk_/Desktop/Elektronik/Yongatek_Staj/slemciTasarimi/yonga02/yonga02.srcs/sources_1/new/decoder.sv
update_compile_order -fileset sources_1
update_compile_order -fileset sources_1
update_compile_order -fileset sources_1
update_compile_order -fileset sources_1
update_compile_order -fileset sources_1
relaunch_sim
relaunch_sim
run 100 ns
run 100 ns
run 1000 ns
run 1000 ns
run 1000 ns
run 1000 ns
run 1000 ns
run 1000 ns
run 1000 ns
run 1000 ns
run 1000 ns
run 1000 ns
run 1000 ns
run 1000 ns
run 1000 ns
run 1000 ns
run 1000 ns
run 1000 ns
run 1000 ns
restart
run 1000 ns
relaunch_sim
current_wave_config {tb_behav.wcfg}
add_wave {{/tb/dut/aludef/instruction}} 
save_wave_config {C:/Users/abdk_/Desktop/Elektronik/Yongatek_Staj/slemciTasarimi/yonga02/tb_behav.wcfg}
current_wave_config {tb_behav.wcfg}
add_wave {{/tb/dut/uart_instantiation/data_package}} 
run 1000 ns
run 1000 ns
run 1000 ns
run 1000 ns
run 1000 ns
run 1000 ns
run 1000 ns
run 1000 ns
run 1000 ns
relaunch_sim
run 1000 ns
relaunch_sim
run 1000 ns
run 1000 ns
run 1000 ns
run 1000 ns
run 1000 ns
restart
run 1000 ns
run 1000 ns
run 1000 ns
relaunch_sim
close_sim
launch_simulation
open_wave_config C:/Users/abdk_/Desktop/Elektronik/Yongatek_Staj/slemciTasarimi/yonga02/tb_behav.wcfg
source tb.tcl
run 1000 ns
run 1000 ns
run 1000 ns
current_wave_config {tb_behav.wcfg}
add_wave {{/tb/dut/decoder_instantiation/data_package}} 
relaunch_sim
run 1000 ns
run 1000 ns
run 1000 ns
run 1000 ns
run 1000 ns
run 1000 ns
current_wave_config {tb_behav.wcfg}
add_wave {{/tb/dut/decoder_instantiation/uart_data}} 
relaunch_sim
run 1000 ns
run 1000 ns
run 1000 ns
run 1000 ns
current_wave_config {tb_behav.wcfg}
add_wave {{/tb/dut/decoder_instantiation/instruction}} 
relaunch_sim
run 1000 ns
run 1000 ns
run 1000 ns
run 1000 ns
save_wave_config {C:/Users/abdk_/Desktop/Elektronik/Yongatek_Staj/slemciTasarimi/yonga02/tb_behav.wcfg}
run 1000 ns
run 1000 ns
run 1000 ns
run 1000 ns
relaunch_sim
relaunch_sim
run 1000 ns
run 1000 ns
run 1000 ns
run 1000 ns
run 1000 ns
relaunch_sim
run 1000 ns
run 1000 ns
run 1000 ns
run 1000 ns
run 1000 ns
run 1000 ns
relaunch_sim
run 1000 ns
run 1000 ns
run 1000 ns
run 1000 ns
run 1000 ns
run 1000 ns
run 1000 ns
run 1000 ns
run 1000 ns
run 1000 ns
run 1000 ns
run 1000 ns
restart
run 1000 ns
run 1000 ns
run 1000 ns
run 1000 ns
run 1000 ns
run 1000 ns
relaunch_sim
run 1000 ns
run 1000 ns
run 1000 ns
run 1000 ns
run 1000 ns
run 1000 ns
run 1000 ns
run 1000 ns
run 1000 ns
relaunch_sim
run 1000 ns
run 1000 ns
run 1000 ns
run 1000 ns
run 1000 ns
run 1000 ns
run 1000 ns
run 1000 ns
run 1000 ns
relaunch_sim
run 1000 ns
run 1000 ns
run 1000 ns
run 1000 ns
run 1000 ns
run 1000 ns
run 1000 ns
run 1000 ns
run 1000 ns
run 1000 ns
run 1000 ns
run 1000 ns
run 1000 ns
run 1000 ns
run 1000 ns
run 1000 ns
run 1000 ns
relaunch_sim
relaunch_sim
run 1000 ns
run 1000 ns
run 1000 ns
run 1000 ns
run 1000 ns
run 1000 ns
run 1000 ns
run 1000 ns
run 1000 ns
run 1000 ns
run 1000 ns
run 1000 ns
run 1000 ns
run 1000 ns
run 1000 ns
run 1000 ns
run 1000 ns
run 1000 ns
run 1000 ns
run 1000 ns
run 1000 ns
run 1000 ns
run 1000 ns
run 1000 ns
run 1000 ns
run 1000 ns
run 1000 ns
run 1000 ns
run 1000 ns
run 1000 ns
relaunch_sim
run 1000 ns
run 1000 ns
run 1000 ns
run 1000 ns
run 1000 ns
run 4000 ns
run 4000 ns
run 4000 ns
run 4000 ns
run 4000 ns
run 4000 ns
run 5000 ns
relaunch_sim
run 5000 ns
run 5000 ns
run 5000 ns
run 5000 ns
run 5000 ns
run 5000 ns
run 5000 ns
relaunch_sim
run 5000 ns
run 5000 ns
run 5000 ns
run 5000 ns
run 5000 ns
run 5000 ns
run 5000 ns
restart
run 5000 ns
run 5000 ns
run 5000 ns
run 5000 ns
run 5000 ns
run 5000 ns
run 5000 ns
relaunch_sim
run 5000 ns
run 5000 ns
run 5000 ns
run 5000 ns
run 5000 ns
run 5000 ns
run 5000 ns
current_wave_config {tb_behav.wcfg}
add_wave {{/tb/dut/reg1/reg_file[4]}} 
current_wave_config {tb_behav.wcfg}
add_wave {{/tb/dut/reg1/reg_file[7]}} 
save_wave_config {C:/Users/abdk_/Desktop/Elektronik/Yongatek_Staj/slemciTasarimi/yonga02/tb_behav.wcfg}
relaunch_sim
run 5000 ns
run 5000 ns
run 5000 ns
run 5000 ns
run 5000 ns
run 5000 ns
relaunch_sim
run 5000 ns
run 5000 ns
run 5000 ns
run 5000 ns
run 5000 ns
run 5000 ns
run 5000 ns
relaunch_sim
run 5000 ns
run 5000 ns
run 5000 ns
run 5000 ns
run 5000 ns
relaunch_sim
run 5000 ns
run 5000 ns
run 5000 ns
run 5000 ns
run 5000 ns
run 5000 ns
relaunch_sim
run 5000 ns
run 5000 ns
run 5000 ns
run 5000 ns
run 5000 ns
run 5000 ns
relaunch_sim
run 5000 ns
run 5000 ns
run 5000 ns
run 5000 ns
run 5000 ns
run 5000 ns
close_sim
